<html xmlns:mso="urn:schemas-microsoft-com:office:office" xmlns:msdt="uuid:C2F41010-65B3-11d1-A29F-00AA00C14882">
<head>
<!--[if gte mso 9]><xml>
<mso:CustomDocumentProperties>
<mso:QMULDocumentTypeTaxHTField0 msdt:dt="string"></mso:QMULDocumentTypeTaxHTField0>
<mso:TaxKeywordTaxHTField msdt:dt="string"></mso:TaxKeywordTaxHTField>
<mso:QMULDepartment msdt:dt="string"></mso:QMULDepartment>
<mso:QMULDocumentType msdt:dt="string"></mso:QMULDocumentType>
<mso:QMULSchoolTaxHTField0 msdt:dt="string"></mso:QMULSchoolTaxHTField0>
<mso:QMULDocumentStatusTaxHTField0 msdt:dt="string"></mso:QMULDocumentStatusTaxHTField0>
<mso:TaxKeyword msdt:dt="string"></mso:TaxKeyword>
<mso:QMULSchool msdt:dt="string"></mso:QMULSchool>
<mso:MediaServiceImageTags msdt:dt="string"></mso:MediaServiceImageTags>
<mso:QMULLocationTaxHTField0 msdt:dt="string"></mso:QMULLocationTaxHTField0>
<mso:QMULInformationClassification msdt:dt="string">1;#Protect|9124d8d9-0c1c-41e9-aa14-aba001e9a028</mso:QMULInformationClassification>
<mso:QMULLocation msdt:dt="string"></mso:QMULLocation>
<mso:QMULDocumentStatus msdt:dt="string"></mso:QMULDocumentStatus>
<mso:lcf76f155ced4ddcb4097134ff3c332f msdt:dt="string"></mso:lcf76f155ced4ddcb4097134ff3c332f>
<mso:TaxCatchAll msdt:dt="string">1;#Protect|9124d8d9-0c1c-41e9-aa14-aba001e9a028</mso:TaxCatchAll>
<mso:QMULInformationClassificationTaxHTField0 msdt:dt="string">Protect|9124d8d9-0c1c-41e9-aa14-aba001e9a028</mso:QMULInformationClassificationTaxHTField0>
<mso:QMULDepartmentTaxHTField0 msdt:dt="string"></mso:QMULDepartmentTaxHTField0>
</mso:CustomDocumentProperties>
</xml><![endif]-->
</head><body>
<pre>
<h1>µVision Build Log</h1>
<h2>Tool Versions:</h2>
IDE-Version: µVision V5.43.1.0
Copyright (C) 2025 ARM Ltd and ARM Germany GmbH. All rights reserved.
License Information: Mannan Muhammad, QMUL, LIC=----
 
Tool Versions:
Toolchain:       MDK-Lite  Version: 5.43.0.0
Toolchain Path:  C:\Users\manna\AppData\Local\Keil_v5\ARM\ARMCLANG\Bin
C Compiler:      ArmClang.exe V6.24
Assembler:       Armasm.exe V6.24
Linker/Locator:  ArmLink.exe V6.24
Library Manager: ArmAr.exe V6.24
Hex Converter:   FromElf.exe V6.24
CPU DLL:         SARMCM3.DLL V5.43.0.0
Dialog DLL:      DCM.DLL V1.17.5.0
Target DLL:      STLink\ST-LINKIII-KEIL_SWO.dll V3.3.1.0
Dialog DLL:      TCM.DLL V1.56.6.0
 
<h2>Project:</h2>
U:\OneDrive-QMUL\OneDrive - Queen Mary, University of London\Documents - JPESD - EBU6475_EBU5477\General\EBU5477_2026_version\MiniProject files and datasheet\Miniproj\MiniProjectDemo.uvprojx
Project File Date:  05/31/2026

<h2>Output:</h2>
*** Using Compiler 'V6.24', folder: 'C:\Users\manna\AppData\Local\Keil_v5\ARM\ARMCLANG\Bin'
Build target 'Target_1'
compiling ui_display.c...
linking...
Program Size: Code=8492 RO-data=1220 RW-data=24 ZI-data=3096  
FromELF: creating hex file...
".\Objects\Demo_mini_Project.axf" - 0 Error(s), 0 Warning(s).

<h2>Software Packages used:</h2>

Package Vendor: ARM
                https://www.keil.com/pack/ARM.CMSIS.6.3.0.pack
                ARM::CMSIS@6.3.0
                CMSIS (Common Microcontroller Software Interface Standard)
   * Component: CORE Version: 6.2.0

Package Vendor: ARM
                https://www.keil.com/pack/ARM.CMSIS-View.1.2.0.pack
                ARM::CMSIS-View@1.2.0
                Debugger visualization of software events and statistics
   * Component: Event Recorder Variant: DAP Version: 1.6.0

Package Vendor: Keil
                http://www.keil.com/pack/Keil.STM32F4xx_DFP.2.15.0.pack
                Keil::STM32F4xx_DFP@2.15.0
                STMicroelectronics STM32F4 Series Device Support, Drivers and Examples
   * Component: Startup Version: 2.6.3

<h2>Collection of Component include folders:</h2>
  ./RTE/CMSIS-View
  ./RTE/_Target_1
  C:/Users/manna/AppData/Local/Arm/Packs/ARM/CMSIS-View/1.2.0/EventRecorder/Include
  C:/Users/manna/AppData/Local/Arm/Packs/ARM/CMSIS/6.3.0/CMSIS/Core/Include
  C:/Users/manna/AppData/Local/Arm/Packs/Keil/STM32F4xx_DFP/2.15.0/Drivers/CMSIS/Device/ST/STM32F4xx/Include

<h2>Collection of Component Files used:</h2>

   * Component: ARM::CMSIS-View:Event Recorder&DAP@1.6.0
      Source file:   EventRecorder/Source/EventRecorder.c
      Include file:  EventRecorder/Config/EventRecorderConf.h
      Include file:  EventRecorder/Include/EventRecorder.h

   * Component: ARM::CMSIS:CORE@6.2.0

   * Component: Keil::Device:Startup@2.6.3
      Source file:   MDK/Device/Source/ARM/STM32F4xx_OTP.s
      Include file:  Drivers/CMSIS/Device/ST/STM32F4xx/Include/stm32f4xx.h
      Source file:   Drivers/CMSIS/Device/ST/STM32F4xx/Source/Templates/arm/startup_stm32f401xe.s
      Source file:   MDK/Device/Source/ARM/STM32F401xx_OPT.s
      Source file:   Drivers/CMSIS/Device/ST/STM32F4xx/Source/Templates/system_stm32f4xx.c
Build Time Elapsed:  00:00:00
</pre>
</body>
</html>
